
[1m[46m RUN [49m[22m [36mv4.0.18 [39m[90mC:/Users/jmcamacho/Projects/core[39m

node.exe : [31mNo 
test files found, 
exiting with code 1
En línea: 1 Carácter: 
1
+ & "C:\Program Files\
nodejs/node.exe" "C:\U
sers\jmcamacho\AppData
\Roam ...
+ ~~~~~~~~~~~~~~~~~~~~
~~~~~~~~~~~~~~~~~~~~~~
~~~~~~~~~~~~~~~~~~~~~~
~~~~~
    + CategoryInfo    
          : NotSpeci  
  fied: ([31mNo te   
 st fi...ing with     
code 1:String) []    
, RemoteException
    + FullyQualifiedE 
   rrorId : NativeCo  
  mmandError
 
[39m
[2mfilter: [22m[33m
hks/useWindowManager[
39m
[2minclude: [22m[33
m**/*.{test,spec}.?(c|
m)[jt]s?(x)[39m
[2mexclude:  [22m[3
3m**/node_modules/**[
2m, 
[22m**/.git/**[39m

